srun: Force Terminated job 4293773
srun: Job step aborted: Waiting up to 32 seconds for job step to finish.
slurmstepd: error: *** STEP 4293773.0 ON apollo32 CANCELLED AT 2023-03-17T18:52:28 DUE TO TIME LIMIT ***
srun: error: apollo32: task 0: Terminated
